// Jest Snapshot v1, https://goo.gl/fbAQLP

exports[`GuardedRoute Should render the GuardedRoute component 1`] = `""`;
