// Jest Snapshot v1, https://goo.gl/fbAQLP

exports[`Phones should return the initial state 1`] = `
Object {
  "PhoneList": Array [],
  "PhoneSelected": Object {},
}
`;
